AbortDoc
AbortPath
AbortPrinter
AbortSystemShutdown
AcceptEx
accept
AcceptSecurityContext
AccessCheckAndAuditAlarm
AccessCheckByType
AccessCheckByTypeAndAuditAlarm
AccessCheckByTypeResultListAndAuditAlarmByHandle
AccessCheckByTypeResultListAndAuditAlarm
AccessCheckByTypeResultList
AccessibleChildren
AccessibleObjectFromEvent
AccessibleObjectFromPoint
AccessibleObjectFromWindow
AccessNtmsLibraryDoor
AccessCheck
acmDriverAdd
acmDriverClose
acmDriverDetails
acmDriverEnum
acmDriverID
acmDriverMessage
acmDriverOpen
acmDriverPriority
acmDriverRemove
acmFilterChoose
acmFilterDetails
acmFilterEnum
acmFilterTagDetails
acmFilterTagEnum
acmFormatChoose
acmFormatDetails
acmFormatEnum
acmFormatSuggest
acmFormatTagDetails
acmFormatTagEnum
acmGetVersion
acmMetrics
acmStreamClose
acmStreamConvert
acmStreamMessage
acmStreamOpen
acmStreamPrepareHeader
acmStreamReset
acmStreamSize
acmStreamUnprepareHeader
AcquireCredentialsHandle
AcsLan
ActivateActCtx
ActivateKeyboardLayout
AddAccessAllowedAce
AddAccessAllowedAceEx
AddAccessAllowedObjectAce
AddAccessDeniedAce
AddAccessDeniedAceEx
AddAccessDeniedObjectAce
AddAce
AddAtom
AddAuditAccessAce
AddAuditAccessAceEx
AddAuditAccessObjectAce
AddClusterResourceDependency
AddClusterResourceNode
AddConnectNotify
AddCredential
AddERExcludedApplication
AddFontMemResourceEx
AddFontResource
AddFontResourceEx
AddForm
AddInksetInterval
AddIPAddress
AddJob
AddMonitor
AddNtmsMediaType
AddPenDataHRC
AddPenInputHRC
AddPointsPenData
AddPort
AddPrinterConnection
AddPrinterDriver
AddPrinterDriverEx
AddPrinter
AddPrintProcessor
AddPrintProvidor
AddRefActCtx
AddressToString
AddUsersToEncryptedFile
AddVectoredExceptionHandler
AddWordsHWL
AdjustTokenGroups
AdjustTokenPrivileges
AdjustWindowRectEx
AdjustWindowRect
ADsBuildEnumerator
ADsBuildVarArrayInt
ADsBuildVarArrayStr
ADsEncodeBinaryData
ADsEnumerateNext
ADsFreeEnumerator
ADsGetLastError
ADsGetObject
ADsOpenObject
ADsPropCheckIfWritable
ADsPropCreateNotifyObj
ADsPropGetInitInfo
ADsPropSetHwnd
ADsSetLastError
AdvancedDocumentProperties
AllocADsMem
AllocADsStr
AllocateAndInitializeSid
AllocateLocallyUniqueId
AllocateNtmsMedia
AllocateUserPhysicalPages
AllocConsole
AllowSetForegroundWindow
AngleArc
AnimatePalette
AnimateWindow
AnyPopup
AppendMenu
ApplyControlToken
ArcTo
Arc
AreAllAccessesGranted
AreAnyAccessesGranted
AreFileApisANSI
ArrangeIconicWindows
AssignProcessToJobObject
AssociateColorProfileWithDevice
AttachConsole
AttachThreadInput
AuthzAccessCheck
AuthzAddSidsToContext
AuthzCachedAccessCheck
AuthzFreeAuditEvent
AuthzFreeContext
AuthzFreeHandle
AuthzFreeResourceManager
AuthzGetInformationFromAuditEvent
AuthzGetInformationFromContext
AuthzInitializeContextFromAuthzContext
AuthzInitializeContextFromSid
AuthzInitializeContextFromToken
AuthzInitializeObjectAccessAuditEvent
AuthzInitializeResourceManager
AuthzOpenObjectAudit
auxGetDevCaps
auxGetNumDevs
auxGetVolume
auxOutMessage
auxSetVolume
AVIBuildFilter
AVIClearClipboard
AVIFileAddRef
AVIFileCreateStream
AVIFileEndRecord
AVIFileExit
AVIFileGetStream
AVIFileInfo
AVIFileInit
AVIFileOpen
AVIFileReadData
AVIFileRelease
AVIFileWriteData
AVIGetFromClipboard
AVIMakeCompressedStream
AVIMakeFileFromStreams
AVIMakeStreamFromClipboard
AVIPutFileOnClipboard
AVISaveOptionsFree
AVISaveOptions
AVISaveV
AVISave
AVIStreamAddRef
AVIStreamBeginStreaming
AVIStreamCreate
AVIStreamEndStreaming
AVIStreamFindSample
AVIStreamGetFrameClose
AVIStreamGetFrameOpen
AVIStreamGetFrame
AVIStreamInfo
AVIStreamLength
AVIStreamOpenFromFile
AVIStreamReadData
AVIStreamReadFormat
AVIStreamRead
AVIStreamRelease
AVIStreamSampleToTime
AVIStreamSetFormat
AVIStreamStart
AVIStreamTimeToSample
AVIStreamWriteData
AVIStreamWrite
BackupClusterDatabase
BackupEventLog
BackupRead
BackupSeek
BackupWrite
Beep
BeginDeferWindowPos
BeginNtmsDeviceChangeDetection
BeginPaint
BeginPath
BeginUpdateResource
BindIFilterFromStorage
BindIFilterFromStream
BindImage
BindImageEx
BindMoniker
bind
BitBlt
BlockInput
BoundingRectFromPoints
BringWindowToTop
BroadcastSystemMessage
BroadcastSystemMessageEx
BrowseForGPO
BstrFromVector
BuildCommDCBAndTimeouts
BuildCommDCB
BuildDisplayTable
BuildExplicitAccessWithName
BuildImpersonateExplicitAccessWithName
BuildImpersonateTrustee
BuildINIPath
BuildSecurityDescriptor
BuildTrusteeWithName
BuildTrusteeWithObjectsAndName
BuildTrusteeWithObjectsAndSid
BuildTrusteeWithSid
CallMsgFilter
CallNamedPipe
CallNextHookEx
CallNtPowerInformation
CallWindowProc
CancelDC
CancelIo
CancelNtmsLibraryRequest
CancelNtmsOperatorRequest
CancelWaitableTimer
CanUserWritePwrScheme
capCreateCaptureWindow
capGetDriverDescription
CascadeWindows
CCHeapAlloc
CCHeapFree
CCHeapReAlloc
CCHeapSize
CertAddCertificateContextToStore
CertAddCertificateLinkToStore
CertAddCRLContextToStore
CertAddCRLLinkToStore
CertAddCTLContextToStore
CertAddCTLLinkToStore
CertAddEncodedCertificateToStore
CertAddEncodedCRLToStore
CertAddEncodedCTLToStore
CertAddEnhancedKeyUsageIdentifier
CertAddSerializedElementToStore
CertAddStoreToCollection
CertAlgIdToOID
CertCloseStore
CertCompareCertificate
CertCompareCertificateName
CertCompareIntegerBlob
CertComparePublicKeyInfo
CertControlStore
CertCreateCertificateChainEngine
CertCreateCertificateContext
CertCreateContext
CertCreateCRLContext
CertCreateCTLContext
CertCreateCTLEntryFromCertificateContextProperties
CertCreateSelfSignCertificate
CertDeleteCertificateFromStore
CertDeleteCRLFromStore
CertDeleteCTLFromStore
CertDllOpenStoreProv
CertDuplicateCertificateChain
CertDuplicateCertificateContext
CertDuplicateCRLContext
CertDuplicateCTLContext
CertDuplicateStore
CertEnumCertificateContextProperties
CertEnumCertificatesInStore
CertEnumCRLContextProperties
CertEnumCRLsInStore
CertEnumCTLContextProperties
CertEnumCTLsInStore
CertEnumPhysicalStore
CertEnumSubjectInSortedCTL
CertEnumSystemStore
CertEnumSystemStoreLocation
CertFindAttribute
CertFindCertificateInCRL
CertFindCertificateInStore
CertFindChainInStore
CertFindCRLInStore
CertFindCTLInStore
CertFindExtension
CertFindRDNAttr
CertFindSubjectInCTL
CertFindSubjectInSortedCTL
CertFreeCertificateChain
CertFreeCertificateChainEngine
CertFreeCertificateContext
CertFreeCRLContext
CertFreeCTLContext
CertGetCertificateChain
CertGetCertificateContextProperty
CertGetCRLContextProperty
CertGetCRLFromStore
CertGetCTLContextProperty
CertGetEnhancedKeyUsage
CertGetIntendedKeyUsage
CertGetIssuerCertificateFromStore
CertGetNameString
CertGetPublicKeyLength
CertGetStoreProperty
CertGetSubjectCertificateFromStore
CertGetValidUsages
CertIsRDNAttrsInCertificateName
CertIsValidCRLForCertificate
CertNameToStr
CertOIDToAlgId
CertOpenStore
CertOpenSystemStore
CertRDNValueToStr
CertRegisterPhysicalStore
CertRegisterSystemStore
CertRemoveEnhancedKeyUsageIdentifier
CertRemoveStoreFromCollection
CertSaveStore
CertSerializeCertificateStoreElement
CertSerializeCRLStoreElement
CertSerializeCTLStoreElement
CertSetCertificateContextPropertiesFromCTLEntry
CertSetCertificateContextProperty
CertSetCRLContextProperty
CertSetCTLContextProperty
CertSetEnhancedKeyUsage
CertSetStoreProperty
CertStrToName
CertUnregisterPhysicalStore
CertUnregisterSystemStore
CertVerifyCertificateChainPolicy
CertVerifyCRLRevocation
CertVerifyCRLTimeValidity
CertVerifyCTLUsage
CertVerifyRevocation
CertVerifySubjectCertificateContext
CertVerifyTimeValidity
CertVerifyValidityNesting
ChangeClipboardChain
ChangeClusterResourceGroup
ChangeDisplaySettings
ChangeDisplaySettingsEx
ChangeIdleRoutine
ChangeNtmsMediaType
ChangeMenu
ChangeServiceConfig
ChangeServiceConfig2
ChangeTimerQueueTimer
CharacterToSymbol
CharLowerBuff
CharLower
CharNextExA
CharNext
CharPrevExA
CharPrev
CharToOemBuff
CharToOem
CharUpperBuff
CharUpper
CheckBitmapBits
CheckColors
CheckColorsInGamut
CheckDlgButton
CheckMenuItem
CheckMenuRadioItem
CheckRadioButton
CheckSumMappedFile
CheckTokenMembership
ChildWindowFromPointEx
ChildWindowFromPoint
ChooseColor
ChooseFont
ChoosePixelFormat
Chord
CIBuildQueryNode
CIBuildQueryTree
CICreateCommand
CIMakeICommand
CIRestrictionToFullTree
CIState
CITextToFullTree
CITextToFullTreeEx
CITextToSelectTree
CITextToSelectTreeEx
CleanNtmsDrive
ClearCommBreak
ClearCommError
ClearEventLog
ClientToScreen
ClipCursor
CloseClipboard
CloseCluster
CloseClusterGroup
CloseClusterNetInterface
CloseClusterNetwork
CloseClusterNode
CloseClusterNotifyPort
CloseClusterResource
CloseColorProfile
CloseDesktop
CloseDriver
CloseEnhMetaFile
CloseEventLog
CloseFigure
CloseHandle
CloseIMsgSession
CloseMetaFile
CloseNtmsNotification
CloseNtmsSession
ClosePrinter
CloseServiceHandle
closesocket
CloseTrace
CloseWindowStation
CloseWindow
CLSIDFromProgID
CLSIDFromProgIDEx
CLSIDFromString
ClusterCloseEnum
ClusterControl
ClusterEnum
ClusterGetEnumCount
ClusterGroupCloseEnum
ClusterGroupControl
ClusterGroupEnum
ClusterGroupGetEnumCount
ClusterGroupOpenEnum
ClusterNetInterfaceControl
ClusterNetworkCloseEnum
ClusterNetworkControl
ClusterNetworkEnum
ClusterNetworkGetEnumCount
ClusterNetworkOpenEnum
ClusterNodeCloseEnum
ClusterNodeControl
ClusterNodeEnum
ClusterNodeGetEnumCount
ClusterNodeOpenEnum
ClusterOpenEnum
ClusterRegCloseKey
ClusterRegCreateKey
ClusterRegDeleteKey
ClusterRegDeleteValue
ClusterRegEnumKey
ClusterRegEnumValue
ClusterRegGetKeySecurity
ClusterRegOpenKey
ClusterRegQueryInfoKey
ClusterRegQueryValue
ClusterRegSetKeySecurity
ClusterRegSetValue
ClusterResourceCloseEnum
ClusterResourceControl
ClusterResourceEnum
ClusterResourceGetEnumCount
ClusterResourceOpenEnum
ClusterResourceTypeCloseEnum
ClusterResourceTypeControl
ClusterResourceTypeEnum
ClusterResourceTypeGetEnumCount
ClusterResourceTypeOpenEnum
ClusWorkerCheckTerminate
ClusWorkerCreate
ClusWorkerTerminate
CMCheckColors
CMCheckColorsInGamut
CMCheckRGBs
CMConvertColorNameToIndex
CMConvertIndexToColorName
CMCreateDeviceLinkProfile
CMCreateMultiProfileTransform
CMCreateProfile
CMCreateProfileW
CMCreateTransform
CMCreateTransformExt
CMCreateTransformExtW
CMCreateTransformW
CMDeleteTransform
CMGetInfo
CMGetNamedProfileInfo
CMGetPS2ColorRenderingDictionary
CMGetPS2ColorRenderingIntent
CMGetPS2ColorSpaceArray
CMIsProfileValid
CMTranslateColors
CMTranslateRGB
CMTranslateRGBs
CMTranslateRGBsExt
cmStreamUnprepareHeader
CoAddRefServerProcess
CoAllowSetForegroundWindow
CoBuildVersion
CoCancelCall
CoCopyProxy
CoCreateFreeThreadedMarshaler
CoCreateGuid
CoCreateInstanceEx
CoCreateInstance
CoCreateStandardMalloc
CoDisableCallCancellation
CoDisconnectObject
CoDosDateTimeToFileTime
CoEnableCallCancellation
CoFileTimeNow
CoFileTimeToDosDateTime
CoFreeAllLibraries
CoFreeLibrary
CoFreeUnusedLibrariesEx
CoFreeUnusedLibraries
CoGetCallContext
CoGetCancelObject
CoGetClassObject
CoGetCurrentProcess
CoGetInstanceFromFile
CoGetInstanceFromIStorage
CoGetInterceptor
CoGetInterfaceAndReleaseStream
CoGetMalloc
CoGetMarshalSizeMax
CoGetObject
CoGetObjectContext
CoGetPSClsid
CoGetStandardMarshal
CoGetStdMarshalEx
CoGetTreatAsClass
CoImpersonateClient
CoInitializeEx
CoInitializeSecurity
CoInitialize
CoInvalidateRemoteMachineBindings
CoIsHandlerConnected
CoIsOle1Class
CoLoadLibrary
CoLockObjectExternal
ColorAdjustLuma
ColorCorrectPalette
ColorHLSToRGB
ColorMatchToTarget
ColorRGBToHLS
CoMarshalHresult
CoMarshalInterface
CoMarshalInterThreadInterfaceInStream
CombineRgn
CombineTransform
CommandLineToArgvW
CommConfigDialog
CommDlgExtendedError
CompareAddresses
CompareFileTime
CompareFrameDestAddress
CompareFrameSourceAddress
CompareString
CompleteAuthToken
CompressPenData
ConfigHREC
ConfigurePort
ConnectNamedPipe
ConnectToPrinterDlg
connect
ContinueDebugEvent
ControlCallback
ControlService
ControlTrace
ConvertColorNameToIndex
ConvertDefaultLocale
ConvertFiberToThread
ConvertIndexToColorName
ConvertSecurityDescriptorToStringSecurityDescriptor
ConvertSidToStringSid
ConvertStringSecurityDescriptorToSecurityDescriptor
ConvertStringSidToSid
ConvertThreadToFiber
ConvertToAutoInheritPrivateObjectSecurity
CopyAcceleratorTable
CopyCursor
CopyEnhMetaFile
CopyFileEx
CopyFile
CopyIcon
CopyImage
CopyLZFile
CopyMetaFile
CopyRect
CopySid
CoQueryAuthenticationServices
CoQueryClientBlanket
CoQueryProxyBlanket
CoRegisterClassObject
CoRegisterMallocSpy
CoRegisterMessageFilter
CoRegisterPSClsid
CoRegisterSurrogate
CoReleaseMarshalData
CoReleaseServerProcess
CoResumeClassObjects
CoRevertToSelf
CoRevokeClassObject
CoRevokeMallocSpy
CorrectWriting
CoSetCancelObject
CoSetProxyBlanket
CoSuspendClassObjects
CoSwitchCallContext
CoTaskMemAlloc
CoTaskMemFree
CoTaskMemRealloc
CoTestCancel
CoTreatAsClass
CoUninitialize
CoUnmarshalHresult
CoUnmarshalInterface
CountClipboardFormats
CoWaitForMultipleHandles
CreateAcceleratorTable
CreateActCtx
CreateAntiMoniker
CreateAsyncBindCtx
CreateBindCtx
CreateBitmapIndirect
CreateBitmap
CreateBlob
CreateBrushIndirect
CreateCaret
CreateClassMoniker
CreateClusterGroup
CreateClusterNotifyPort
CreateClusterResource
CreateClusterResourceType
CreateColorSpace
CreateColorTransform
CreateCompatibleBitmap
CreateCompatibleDC
CreateCompatibleHRC
CreateConsoleScreenBuffer
CreateCursor
CreateDataAdviseHolder
CreateDataCache
CreateDC
CreateDesktop
CreateDeviceLinkProfile
CreateDialogIndirectParam
CreateDialogParam
CreateDIBitmap
CreateDIBPatternBrushPt
CreateDIBPatternBrush
CreateDIBSection
CreateDirectoryEx
CreateDirectory
CreateDiscardableBitmap
CreateDispTypeInfo
CreateEditableStream
CreateEllipticRgnIndirect
CreateEllipticRgn
CreateEnhMetaFile
CreateEnvironmentBlock
CreateErrorInfo
CreateEvent
CreateFiberEx
CreateFiber
CreateFileMapping
CreateFileMoniker
CreateFile
CreateFontIndirectEx
CreateFontIndirect
CreateFont
CreateFormatEnumerator
CreateGenericComposite
CreateGPOLink
CreateHalftonePalette
CreateHandoffTable
CreateHardLink
CreateHatchBrush
CreateHWL
CreateIconFromResourceEx
CreateIconFromResource
CreateIconIndirect
CreateIcon
CreateIC
CreateILockBytesOnHGlobal
CreateInksetHRCRESULT
CreateInkset
CreateIoCompletionPort
CreateIpForwardEntry
CreateIpNetEntry
CreateIProp
CreateItemMoniker
CreateJobObject
CreateMailslot
CreateMappedBitmap
CreateMDIWindow
CreateMenu
CreateMetaFile
CreateMutex
CreateNamedPipe
CreateNPPInterface
CreateNtmsMediaPool
CreateNtmsMedia
CreateObjrefMoniker
CreateOleAdviseHolder
CreatePalette
CreatePatternBrush
CreatePenDataEx
CreatePenDataHRC
CreatePenDataRegion
CreatePenIndirect
CreatePen
CreatePipe
CreatePointerMoniker
CreatePolygonRgn
CreatePolyPolygonRgn
CreatePopupMenu
CreatePrivateObjectSecurityWithMultipleInheritance
CreatePrivateObjectSecurityEx
CreatePrivateObjectSecurity
CreateProcessWithLogonW
CreateProcessAsUser
CreateProcess
CreateProfileFromLogColorSpace
CreatePropertySheetPage
CreateProtocol
CreateProxyArpEntry
CreateRectRgnIndirect
CreateRectRgn
CreateRemoteThread
CreateRestrictedToken
CreateRoundRectRgn
CreateScalableFontResource
CreateSecurityPage
CreateSemaphore
CreateService
CreateSolidBrush
CreateStatusWindow
CreateStdAccessibleObject
CreateStdAccessibleProxy
CreateStdDispatch
CreateStreamOnHGlobal
CreateTable
CreateTapePartition
CreateTextServices
CreateThread
CreateTimerQueueTimer
CreateTimerQueue
CreateToolbarEx
CreateToolhelp32Snapshot
CreateTraceInstanceId
CreateTypeLib
CreateTypeLib2
CreateUpDownControl
CreateWaitableTimer
CreateWellKnownSid
CreateWindowEx
CreateWindowStation
CredDelete
CredEnumerate
CredFree
CredGetSessionTypes
CredGetTargetInfo
CredIsMarshaledCredential
CredMarshalCredential
CredRead
CredReadDomainCredentials
CredRename
CredUICmdLinePromptForCredentials
CredUIConfirmCredentials
CredUIParseUserName
CredUIPromptForCredentials
CredUnmarshalCredential
CredWrite
CredWriteDomainCredentials
CryptAcquireCertificatePrivateKey
CryptAcquireContext
CryptBinaryToString
CryptContextAddRef
CryptCreateHash
CryptCreateKeyIdentifierFromCSP
CryptDecodeMessage
CryptDecodeObjectEx
CryptDecodeObject
CryptDecryptMessage
CryptDecryptAndVerifyMessageSignature
CryptDecrypt
CryptDeriveKey
CryptDestroyHash
CryptDestroyKey
CryptDuplicateHash
CryptEncrypt
CryptExportKey
CryptGenKey
CryptGenRandom
CryptGetHashParam
CryptGetKeyParam
CryptGetProvParam
CryptGetUserKey
CryptHashData
CryptHashSessionKey
CryptImportKey
CryptReleaseContext
CryptSetHashParam
CryptSetKeyParam
CryptSetProvider
CryptSetProvParam
CryptSignHash
CryptVerifySignature
DceErrorInqText
DdeAbandonTransaction
DdeAccessData
DdeAddData
DdeClientTransaction
DdeCmpStringHandles
DdeConnectList
DdeConnect
DdeCreateDataHandle
DdeCreateStringHandle
DdeDisconnectList
DdeDisconnect
DdeEnableCallback
DdeFreeDataHandle
DdeFreeStringHandle
DdeGetData
DdeGetLastError
DdeImpersonateClient
DdeInitialize
DdeKeepStringHandle
DdeNameService
DdePostAdvise
DdeQueryConvInfo
DdeQueryNextServer
DdeQueryString
DdeReconnect
DdeSetQualityOfService
DdeSetUserHandle
DdeUnaccessData
DdeUninitialize
DebugActiveProcess
DebugBreak
DefDlgProc
DefDriverProc
DeferWindowPos
DefFrameProc
DefineDosDevice
DefMDIChildProc
DefWindowProc
DeinitMapiUtil
DeleteAce
DeleteAtom
DeleteColorSpace
DeleteCriticalSection
DeleteDC
DeleteEnhMetaFile
DeleteFiber
DeleteFile
DeleteForm
DeleteMenu
DeleteMetaFile
DeleteMonitor
DeleteObject
DeletePort
DeletePrinterConnection
DeletePrinterData
DeletePrinterDriver
DeletePrinter
DeletePrintProcessor
DeletePrintProvidor
DeleteService
DeregisterEventSource
DeregisterIdleRoutine
DescribePixelFormat
DestroyAcceleratorTable
DestroyCaret
DestroyCursor
DestroyHRCRESULT
DestroyHRC
DestroyHWL
DestroyIcon
DestroyInkset
DestroyMenu
DestroyPenData
DestroyPrivateObjectSecurity
DestroyPropertySheetPage
DestroyWindow
DeviceCapabilities
DEVICECAPABILITIES
DeviceIoControl
DialogBoxIndirectParam
DialogBoxParam
DirectDrawCreateClipper
DirectDrawCreate
DirectDrawEnumerate
DirectPlayCreate
DirectPlayEnumerate
DirectSoundCreate
DirectSoundEnumerate
DirectXSetup
DisableThreadLibraryCalls
DisconnectNamedPipe
DispatchMessage
DlgDirListComboBox
DlgDirList
DlgDirSelectComboBoxEx
DlgDirSelectEx
DocumentProperties
DoDefaultPenInput
DoDragDrop
DosDateTimeToFileTime
DPtoLP
DPtoTP
DragAcceptFiles
DragDetect
DragFinish
DragQueryFile
DragQueryPoint
DrawAnimatedRects
DrawCaption
DrawDibBegin
DrawDibChangePalette
DrawDibClose
DrawDibDraw
DrawDibEnd
DrawDibGetBuffer
DrawDibGetPalette
DrawDibOpen
DrawDibProfileDisplay
DrawDibRealize
DrawDibSetPalette
DrawDibStart
DrawDibStop
DrawDibTime
DrawEdge
DrawEscape
DrawFocusRect
DrawFrameControl
DrawIconEx
DrawIcon
DrawInsert
DrawMenuBar
DrawPenDataEx
DrawState
DrawStatusText
DrawTextEx
DrawText
DriverCallback
DrvGetModuleHandle
DuplicateHandle
DuplicatePenData
DuplicateTokenEx
DuplicateToken
EditStreamClone
EditStreamCopy
EditStreamCut
EditStreamPaste
EditStreamSetInfo
EditStreamSetName
Ellipse
EmptyClipboard
EnableEUDC
EnableGestureSetHRC
EnableIdleRoutine
EnableMenuItem
EnableScrollBar
EnableSystemDictionaryHRC
EnableWindow
EndDeferWindowPos
EndDialog
EndDocPrinter
EndDoc
EndPagePrinter
EndPage
EndPaint
EndPath
EndPenInputHRC
EndUpdateResource
EnterCriticalSection
EnumCalendarInfo
EnumChildWindows
EnumClipboardFormats
EnumDateFormats
EnumDependentServices
EnumDesktops
EnumDesktopWindows
EnumDisplaySettings
EnumEnhMetaFile
EnumFontFamiliesEx
EnumFontFamilies
EnumFonts
EnumForms
EnumICMProfiles
EnumJobs
EnumMetaFile
EnumMonitors
EnumObjects
EnumPorts
EnumPrinterData
EnumPrinterDrivers
EnumPrinters
EnumPrintProcessorDatatypes
EnumPrintProcessors
EnumPropsEx
EnumProps
EnumProtocols
EnumResourceLanguages
EnumResourceNames
EnumResourceTypes
EnumServicesStatus
EnumSystemCodePages
EnumSystemLocales
EnumThreadWindows
EnumTimeFormats
EnumWindowStations
EnumWindows
EqualPrefixSid
EqualRect
EqualRgn
EqualSid
EraseTape
EscapeCommFunction
Escape
ExcludeClipRect
ExcludeUpdateRgn
ExitProcess
ExitThread
ExitWindowsEx
ExpandEnvironmentStrings
ExtCreatePen
ExtCreateRegion
ExtensionPropSheetPageProc
ExtEscape
ExtFloodFill
ExtractAssociatedIcon
ExtractIconEx
ExtractIcon
ExtractPenDataPoints
ExtractPenDataStrokes
ExtSelectClipRgn
ExtTextOut
FatalAppExit
FatalExit
FBadColumnSet
FBadEntryList
FBadPropTag
FBadProp
FBadRestriction
FBadRglpNameID
FBadRglpszW
FBadRowSet
FBadRow
FBadSortOrderSet
FBinFromHex
FEqualNames
FileTimeToDosDateTime
FileTimeToLocalFileTime
FileTimeToSystemTime
FillConsoleOutputAttribute
FillConsoleOutputCharacter
FillPath
FillRect
FillRgn
FindAtom
FindCloseChangeNotification
FindClosePrinterChangeNotification
FindClose
FindExecutable
FindFirstChangeNotification
FindFirstFileEx
FindFirstFile
FindFirstFreeAce
FindFirstPrinterChangeNotification
FindNextChangeNotification
FindNextFile
FindNextPrinterChangeNotification
FindResourceEx
FindResource
FindText
FindWindowEx
FindWindow
FixBrushOrgEx
FlashWindow
FlattenPath
FloodFill
FlushConsoleInputBuffer
FlushFileBuffers
FlushInstructionCache
FlushViewOfFile
FoldString
FormatMessage
FPropCompareProp
FPropContainsProp
FPropExists
FrameRect
FrameRgn
FreeConsole
FreeDDElParam
FreeEnvironmentStrings
FreeLibraryAndExitThread
FreeLibrary
FreePadrlist
FreePrinterNotifyInfo
FreePropVariantArray
FreePropVariantArray
FreeProws
FreeResource
FreeSid
FtAddFt
FtgRegisterIdleRoutine
FtMulDwDw
FtMulDw
FtNegFt
FtSubFt
GdiComment
GdiFlush
GdiGetBatchLimit
GdiSetBatchLimit
GenerateConsoleCtrlEvent
GetAcceptExSockaddrs
GetAce
GetAclInformation
GetACP
GetActiveWindow
GetAddressByName
GetAlphabetHRC
GetAlphabetPriorityHRC
GetAlternateWordsHRCRESULT
GetArcDirection
GetAspectRatioFilterEx
GetAsyncKeyState
GetAtomName
GetAttribIMsgOnIStg
GetAuditedPermissionsFromAcl
GetBinaryType
GetBitmapBits
GetBitmapDimensionEx
GetBkColor
GetBkMode
GetBoundsRect
GetBoxMappingHRCRESULT
GetBoxResultsHRC
GetBrushOrgEx
GetCapture
GetCaretBlinkTime
GetCaretPos
GetCharABCWidthsFloat
GetCharABCWidths
GetCharacterPlacement
GetCharWidth32
GetCharWidthFloat
GetCharWidth
GetClassFile
GetClassInfoEx
GetClassInfo
GetClassLong
GetClassName
GetClassWord
GetClientRect
GetClipboardData
GetClipboardFormatName
GetClipboardOwner
GetClipboardViewer
GetClipBox
GetClipCursor
GetClipRgn
GetColorAdjustment
GetColorSpace
GetCommandLine
GetCommConfig
GetCommMask
GetCommModemStatus
GetCommProperties
GetCommState
GetCommTimeouts
GetCompressedFileSize
GetComputerName
GetConsoleCP
GetConsoleCursorInfo
GetConsoleMode
GetConsoleOutputCP
GetConsoleScreenBufferInfo
GetConsoleTitle
GetConvertStg
GetCPInfo
GetCurrencyFormat
GetCurrentDirectory
GetCurrentHwProfile
GetCurrentObject
GetCurrentPositionEx
GetCurrentProcessId
GetCurrentProcess
GetCurrentThreadId
GetCurrentThread
GetCursorPos
GetCursor
GetDateFormat
GetDCEx
GetDCOrgEx
GetDC
GetDefaultCommConfig
GetDesktopWindow
GetDeviceCaps
GetDeviceGammaRamp
GetDialogBaseUnits
GetDIBColorTable
GetDIBits
GetDiskFreeSpaceEx
GetDiskFreeSpace
GetDlgCtrlID
GetDlgItemInt
GetDlgItemText
GetDlgItem
GetDoubleClickTime
GetDriverModuleHandle
GetDriveType
GetEffectiveClientRect
GetEffectiveRightsFromAcl
GetEnhMetaFileBits
GetEnhMetaFileDescription
GetEnhMetaFileHeader
GetEnhMetaFilePaletteEntries
GetEnhMetaFilePixelFormat
GetEnhMetaFile
GetEnvironmentStrings
GetEnvironmentVariable
GetExitCodeProcess
GetExitCodeThread
GetExpandedName
GetExplicitEntriesFromAcl
GetFileAttributesEx
GetFileAttributes
GetFileInformationByHandle
GetFileSecurity
GetFileSize
GetFileTime
GetFileTitle
GetFileType
GetFileVersionInfoSize
GetFileVersionInfo
GetFocus
GetFontData
GetFontLanguageInfo
GetForegroundWindow
GetForm
GetFullPathName
GetGlyphOutline
GetGraphicsMode
GetGuideHRC
GetHandleInformation
GetHGlobalFromILockBytes
GetHGlobalFromStream
gethostbyaddr
gethostbyname
gethostname
GetHotspotsHRCRESULT
GetHRECFromHRC
GetICMProfile
GetIconInfo
GetInksetIntervalCount
GetInksetInterval
GetInputState
GetInternationalHRC
GetJob
GetKBCodePage
GetKernelObjectSecurity
GetKerningPairs
GetKeyboardLayoutList
GetKeyboardLayoutName
GetKeyboardLayout
GetKeyboardState
GetKeyboardType
GetKeyNameText
GetKeyState
GetLargestConsoleWindowSize
GetLastActivePopup
GetLastError
GetLengthSid
GetLocaleInfo
GetLocalTime
GetLogColorSpace
GetLogicalDriveStrings
GetLogicalDrives
GetMailslotInfo
GetMapMode
GetMaxResultsHRC
GetMenuCheckMarkDimensions
GetMenuContextHelpId
GetMenuDefaultItem
GetMenuItemCount
GetMenuItemID
GetMenuItemInfo
GetMenuItemRect
GetMenuState
GetMenuString
GetMenu
GetMessageExtraInfo
GetMessagePos
GetMessageTime
GetMessage
GetMetaFileBitsEx
GetMetaFile
GetMetaRgn
GetMiterLimit
GetModuleFileName
GetModuleHandle
GetMultipleTrusteeOperation
GetMultipleTrustee
GetNameByType
GetNamedPipeHandleState
GetNamedPipeInfo
GetNamedSecurityInfo
GetNearestColor
GetNearestPaletteIndex
GetNextDlgGroupItem
GetNextDlgTabItem
GetNumberFormat
GetNumberOfConsoleInputEvents
GetNumberOfConsoleMouseButtons
GetNumberOfEventLogRecords
GetObjectType
GetObject
GetOEMCP
GetOldestEventLogRecord
GetOpenClipboardWindow
GetOpenFileNamePreview
GetOpenFileName
GetOutlineTextMetrics
GetOverlappedResult
GetPaletteEntries
GetParent
GetPath
getpeername
GetPenAppFlags
GetPenAsyncState
GetPenDataAttributes
GetPenDataInfo
GetPenInput
GetPenMiscInfo
GetPixelFormat
GetPixel
GetPointsFromPenData
GetPolyFillMode
GetPrinterData
GetPrinterDriverDirectory
GetPrinterDriver
GetPrinter
GetPrintProcessorDirectory
GetPriorityClass
GetPriorityClipboardFormat
GetPrivateObjectSecurity
GetPrivateProfileInt
GetPrivateProfileSectionNames
GetPrivateProfileSection
GetPrivateProfileString
GetPrivateProfileStruct
GetProcAddress
GetProcessAffinityMask
GetProcessHeaps
GetProcessHeap
GetProcessPriorityBoost
GetProcessShutdownParameters
GetProcessTimes
GetProcessVersion
GetProcessWindowStation
GetProcessWorkingSetSize
GetProfileInt
GetProfileSection
GetProfileString
GetProp
getprotobyname
getprotobynumber
GetQueuedCompletionStatus
GetQueueStatus
GetRasterizerCaps
GetRegionData
GetResultsHRC
GetRgnBox
GetROP2
GetRunningObjectTable
GetSaveFileNamePreview
GetSaveFileName
GetScrollInfo
GetScrollPos
GetScrollRange
GetSecurityDescriptorControl
GetSecurityDescriptorDacl
GetSecurityDescriptorGroup
GetSecurityDescriptorLength
GetSecurityDescriptorOwner
GetSecurityDescriptorSacl
GetSecurityInfo
getservbyname
getservbyport
GetServiceDisplayName
GetServiceKeyName
GetService
GetShortPathName
GetSidIdentifierAuthority
GetSidLengthRequired
GetSidSubAuthorityCount
GetSidSubAuthority
getsockname
getsockopt
GetStartupInfo
GetStdHandle
GetStockObject
GetStretchBltMode
GetStringTypeA
GetStringTypeEx
GetStrokeAttributes
GetStrokeTableAttributes
GetSubMenu
GetSymbolCountHRCRESULT
GetSymbolsHRCRESULT
GetSysColorBrush
GetSysColor
GetSystemDefaultLangID
GetSystemDefaultLCID
GetSystemDirectory
GetSystemInfo
GetSystemMenu
GetSystemMetrics
GetSystemPaletteEntries
GetSystemPaletteUse
GetSystemPowerStatus
GetSystemTimeAdjustment
GetSystemTimeAsFileTime
GetSystemTime
GetTabbedTextExtent
GetTapeParameters
GetTapePosition
GetTapeStatus
GetTempFileName
GetTempPath
GetTextAlign
GetTextCharacterExtra
GetTextCharsetInfo
GetTextCharset
GetTextColor
GetTextExtentExPoint
GetTextExtentPoint32
GetTextExtentPoint
GetTextFace
GetTextMetrics
GetThreadContext
GetThreadDesktop
GetThreadLocale
GetThreadPriorityBoost
GetThreadPriority
GetThreadSelectorEntry
GetThreadTimes
GetTickCount
GetTimeFormat
GetTimeZoneInformation
GetTokenInformation
GetTopWindow
GetTrusteeName
GetTrusteeType
GetTypeByName
GetUpdateRect
GetUpdateRgn
GetUserDefaultLangID
GetUserDefaultLCID
GetUserName
GetUserObjectInformation
GetUserObjectSecurity
GetVersionEx
GetVersionPenWin
GetVersion
GetViewportExtEx
GetViewportOrgEx
GetVolumeInformation
GetWindowContextHelpId
GetWindowDC
GetWindowExtEx
GetWindowLong
GetWindowOrgEx
GetWindowPlacement
GetWindowRect
GetWindowRgn
GetWindowsDirectory
GetWindowTextLength
GetWindowText
GetWindowThreadProcessId
GetWindowWord
GetWindow
GetWinMetaFileBits
GetWordlistCoercionHRC
GetWordlistHRC
GetWorldTransform
glAccum
glAlphaFunc
glAreTexturesResident
glArrayElement
glBegin
glBindTexture
glBitmap
glBlendFunc
glCallLists
glCallList
glClearAccum
glClearColor
glClearDepth
glClearIndex
glClearStencil
glClear
glClipPlane
glColor3bv
glColor3b
glColor3dv
glColor3d
glColor3fv
glColor3f
glColor3iv
glColor3i
glColor3sv
glColor3s
glColor3ubv
glColor3ub
glColor3uiv
glColor3ui
glColor3usv
glColor3us
glColor4bv
glColor4b
glColor4dv
glColor4d
glColor4fv
glColor4f
glColor4iv
glColor4i
glColor4sv
glColor4s
glColor4ubv
glColor4ub
glColor4uiv
glColor4ui
glColor4usv
glColor4us
glColorMask
glColorMaterial
glColorPointer
glCopyPixels
glCopyTexImage1D
glCopyTexImage2D
glCopyTexSubImage1D
glCopyTexSubImage2D
glCullFace
glDeleteLists
glDeleteTextures
glDepthFunc
glDepthMask
glDepthRange
glDisableClientState
glDisable
glDrawArrays
glDrawBuffer
glDrawElements
glDrawPixels
glEdgeFlagPointer
glEdgeFlagv
glEdgeFlag
glEnableClientState
glEnable
glEndList
glEnd
glEvalCoord1dv
glEvalCoord1d
glEvalCoord1fv
glEvalCoord1f
glEvalCoord2dv
glEvalCoord2d
glEvalCoord2fv
glEvalCoord2f
glEvalMesh1
glEvalMesh2
glEvalPoint1
glEvalPoint2
glFeedbackBuffer
glFinish
glFlush
glFogfv
glFogf
glFogiv
glFogi
glFrontFace
glFrustum
glGenLists
glGenTextures
glGetBooleanv
glGetClipPlane
glGetDoublev
glGetError
glGetFloatv
glGetIntegerv
glGetLightfv
glGetLightiv
glGetMapdv
glGetMapfv
glGetMapiv
glGetMaterialfv
glGetMaterialiv
glGetPixelMapfv
glGetPixelMapuiv
glGetPixelMapusv
glGetPointerv
glGetPolygonStipple
glGetString
glGetTexEnvfv
glGetTexEnviv
glGetTexGendv
glGetTexGenfv
glGetTexGeniv
glGetTexImage
glGetTexLevelParameterfv
glGetTexLevelParameteriv
glGetTexParameterfv
glGetTexParameteriv
glHint
glIndexdv
glIndexd
glIndexfv
glIndexf
glIndexiv
glIndexi
glIndexMask
glIndexPointer
glIndexsv
glIndexs
glInitNames
glInterleavedArrays
glIsEnabled
glIsList
glIsTexture
glLightfv
glLightf
glLightiv
glLighti
glLightModelfv
glLightModelf
glLightModeliv
glLightModeli
glLineStipple
glLineWidth
glListBase
glLoadIdentity
glLoadMatrixd
glLoadMatrixf
glLoadName
glLogicOp
glMap1d
glMap1f
glMap2d
glMap2f
glMapGrid1d
glMapGrid1f
glMapGrid2d
glMapGrid2f
glMaterialfv
glMaterialf
glMaterialiv
glMateriali
glMatrixMode
glMultMatrixd
glMultMatrixf
glNewList
glNormal3bv
glNormal3b
glNormal3dv
glNormal3d
glNormal3fv
glNormal3f
glNormal3iv
glNormal3i
glNormal3sv
glNormal3s
glNormalPointer
GlobalAddAtom
GlobalAlloc
GlobalCompact
GlobalDeleteAtom
GlobalFindAtom
GlobalFix
GlobalFlags
GlobalFree
GlobalGetAtomName
GlobalHandle
GlobalLock
GlobalMemoryStatus
GlobalReAlloc
GlobalSize
GlobalUnfix
GlobalUnlock
GlobalUnWire
GlobalWire
glOrtho
glPassThrough
glPixelMapfv
glPixelMapuiv
glPixelMapusv
glPixelStoref
glPixelStorei
glPixelTransferf
glPixelTransferi
glPixelZoom
glPointSize
glPolygonMode
glPolygonStipple
glPopAttrib
glPopClientAttrib
glPopMatrix
glPopName
glPrioritizeTextures
glPushAttrib
glPushClientAttrib
glPushMatrix
glPushName
glRasterPos2dv
glRasterPos2d
glRasterPos2fv
glRasterPos2f
glRasterPos2iv
glRasterPos2i
glRasterPos2sv
glRasterPos2s
glRasterPos3dv
glRasterPos3d
glRasterPos3fv
glRasterPos3f
glRasterPos3iv
glRasterPos3i
glRasterPos3sv
glRasterPos3s
glRasterPos4dv
glRasterPos4d
glRasterPos4fv
glRasterPos4f
glRasterPos4iv
glRasterPos4i
glRasterPos4sv
glRasterPos4s
glReadBuffer
glReadPixels
glRectdv
glRectd
glRectfv
glRectf
glRectiv
glRecti
glRectsv
glRects
glRenderMode
glRotated
glRotatef
glScaled
glScalef
glScissor
glSelectBuffer
glShadeModel
glStencilFunc
glStencilMask
glStencilOp
glTexCoord1dv
glTexCoord1d
glTexCoord1fv
glTexCoord1f
glTexCoord1iv
glTexCoord1i
glTexCoord1sv
glTexCoord1s
glTexCoord2dv
glTexCoord2d
glTexCoord2fv
glTexCoord2f
glTexCoord2iv
glTexCoord2i
glTexCoord2sv
glTexCoord2s
glTexCoord3dv
glTexCoord3d
glTexCoord3fv
glTexCoord3f
glTexCoord3iv
glTexCoord3i
glTexCoord3sv
glTexCoord3s
glTexCoord4dv
glTexCoord4d
glTexCoord4fv
glTexCoord4f
glTexCoord4iv
glTexCoord4i
glTexCoord4sv
glTexCoord4s
glTexCoordPointer
glTexEnvfv
glTexEnvf
glTexEnviv
glTexEnvi
glTexGendv
glTexGend
glTexGenfv
glTexGenf
glTexGeniv
glTexGeni
glTexImage1D
glTexImage2D
glTexParameterfv
glTexParameterf
glTexParameteriv
glTexParameteri
glTexSubImage1D
glTexSubImage2D
glTranslated
glTranslatef
gluBeginCurve
gluBeginPolygon
gluBeginSurface
gluBeginTrim
gluBuild1DMipmaps
gluBuild2DMipmaps
gluCylinder
gluDeleteNurbsRenderer
gluDeleteQuadric
gluDeleteTess
gluDisk
gluEndCurve
gluEndPolygon
gluEndSurface
gluEndTrim
gluErrorString
gluGetNurbsProperty
gluLoadSamplingMatrices
gluLookAt
gluNewNurbsRenderer
gluNewQuadric
gluNewTess
gluNextContour
gluNurbsCallback
gluNurbsCurve
gluNurbsProperty
gluNurbsSurface
gluOrtho2D
gluPartialDisk
gluPerspective
gluPickMatrix
gluProject
gluPwlCurve
gluQuadricCallback
gluQuadricDrawStyle
gluQuadricNormals
gluQuadricOrientation
gluQuadricTexture
gluScaleImage
gluSphere
gluTessCallback
gluTessVertex
gluUnProject
glVertex2dv
glVertex2d
glVertex2fv
glVertex2f
glVertex2iv
glVertex2i
glVertex2sv
glVertex2s
glVertex3dv
glVertex3d
glVertex3fv
glVertex3f
glVertex3iv
glVertex3i
glVertex3sv
glVertex3s
glVertex4dv
glVertex4d
glVertex4fv
glVertex4f
glVertex4iv
glVertex4i
glVertex4sv
glVertex4s
glVertexPointer
glViewport
GrayString
Heap32First
Heap32First
Heap32ListFirst
Heap32ListFirst
Heap32ListNext
Heap32ListNext
Heap32Next
Heap32Next
HeapAlloc
HeapCompact
HeapCreate
HeapDestroy
HeapFree
HeapLock
HeapQueryInformation
HeapReAlloc
HeapSize
HeapUnlock
HeapValidate
HeapWalk
HexFromBin
HideCaret
HiliteMenuItem
HitTestPenData
hitchhikr
HrAddColumnsEx
HrAllocAdviseSink
HrComposeEID
HrComposeMsgID
HrDecomposeEID
HrDecomposeMsgID
HrDispatchNotifications
HrEntryIDFromSz
HrGetOneProp
HrIStorageFromStream
HrQueryAllRows
HrSetOneProp
HrSzFromEntryID
HrThisThreadAdviseSink
HrValidateIPMSubtree
htonl
htons
ICClose
ICCompressorChoose
ICCompressorFree
ICCompress
ICDecompress
ICDrawBegin
ICDraw
ICGetDisplayFormat
ICGetInfo
ICImageCompress
ICImageDecompress
ICInfo
ICInstall
ICLocate
ICOpenFunction
ICOpen
ICRemove
ICSendMessage
ICSeqCompressFrameEnd
ICSeqCompressFrameStart
ICSeqCompressFrame
IIDFromString
ImageList_AddIcon
ImageList_AddMasked
ImageList_Add
ImageList_BeginDrag
ImageList_Create
ImageList_Destroy
ImageList_DragEnter
ImageList_DragLeave
ImageList_DragMove
ImageList_DragShowNolock
ImageList_DrawEx
ImageList_Draw
ImageList_EndDrag
ImageList_GetBkColor
ImageList_GetDragImage
ImageList_GetIconSize
ImageList_GetIcon
ImageList_GetImageCount
ImageList_GetImageInfo
ImageList_LoadImage
ImageList_Merge
ImageList_Read
ImageList_Remove
ImageList_ReplaceIcon
ImageList_Replace
ImageList_SetBkColor
ImageList_SetDragCursorImage
ImageList_SetIconSize
ImageList_SetOverlayImage
ImageList_Write
ImmAssociateContext
ImmConfigureIME
ImmCreateContext
ImmDestroyContext
ImmEnumRegisterWord
ImmEscape
ImmGetCandidateListCount
ImmGetCandidateList
ImmGetCandidateWindow
ImmGetCompositionFont
ImmGetCompositionString
ImmGetCompositionWindow
ImmGetContext
ImmGetConversionList
ImmGetConversionStatus
ImmGetDefaultIMEWnd
ImmGetDescription
ImmGetGuideLine
ImmGetIMEFileName
ImmGetOpenStatus
ImmGetProperty
ImmGetRegisterWordStyle
ImmGetStatusWindowPos
ImmGetVirtualKey
ImmInstallIME
ImmIsIME
ImmIsUIMessage
ImmNotifyIME
ImmRegisterWord
ImmReleaseContext
ImmSetCandidateWindow
ImmSetCompositionFont
ImmSetCompositionString
ImmSetCompositionWindow
ImmSetConversionStatus
ImmSetOpenStatus
ImmSetStatusWindowPos
ImmSimulateHotKey
ImmUnregisterWord
ImpersonateDdeClientWindow
ImpersonateLoggedOnUser
ImpersonateNamedPipeClient
ImpersonateSelf
inet_addr
inet_ntoa
InflateRect
InitAtomTable
InitCommonControls
InitializeAcl
InitializeCriticalSection
InitializeSecurityDescriptor
InitializeSid
InitiateSystemShutdown
InSendMessage
InsertMenuItem
InsertMenu
InsertPenDataPoints
InsertPenDataStroke
InsertPenData
InstallRecognizer
InterlockedCompareExchange
InterlockedDecrement
InterlockedExchangeAdd
InterlockedExchange
InterlockedIncrement
IntersectClipRect
IntersectRect
InvalidateRect
InvalidateRgn
InvertRect
InvertRgn
ioctlsocket
IsAccelerator
IsBadCodePtr
IsBadHugeReadPtr
IsBadHugeWritePtr
IsBadReadPtr
IsBadStringPtr
IsBadWritePtr
IsCharAlphaNumeric
IsCharAlpha
IsCharLower
IsCharUpper
IsChild
IsClipboardFormatAvailable
IsDBCSLeadByteEx
IsDBCSLeadByte
IsDebuggerPresent
IsDialogMessage
IsDlgButtonChecked
IsEqualGUID
IsIconic
IsMenu
IsPenEvent
IsProcessorFeaturePresent
IsRectEmpty
IsTextUnicode
IsValidAcl
IsValidCodePage
IsValidIid
IsValidInterface
IsValidLocale
IsValidPtrIn
IsValidPtrOut
IsValidSecurityDescriptor
IsValidSid
IsWindowEnabled
IsWindowUnicode
IsWindowVisible
IsWindow
IsZoomed
joyConfigChanged
joyGetDevCaps
joyGetNumDevs
joyGetPosEx
joyGetPos
joyGetThreshold
joyReleaseCapture
joySetCapture
joySetThreshold
keybd_event
KillTimer
LAUNCHWIZARDENTRY
LBItemFromPt
LCMapString
LeaveCriticalSection
lineAccept
lineAddProvider
lineAddToConference
lineAgentSpecific
lineAnswer
lineBlindTransfer
lineClose
lineCompleteCall
lineCompleteTransfer
lineConfigDialogEdit
lineConfigDialog
lineConfigProvider
LineDDA
lineDeallocateCall
lineDevSpecificFeature
lineDevSpecific
lineDial
lineDrop
lineForward
lineGatherDigits
lineGenerateDigits
lineGenerateTone
lineGetAddressCaps
lineGetAddressID
lineGetAddressStatus
lineGetAgentActivityList
lineGetAgentCaps
lineGetAgentGroupList
lineGetAgentStatus
lineGetAppPriority
lineGetCallInfo
lineGetCallStatus
lineGetConfRelatedCalls
lineGetCountry
lineGetDevCaps
lineGetDevConfig
lineGetIcon
lineGetID
lineGetLineDevStatus
lineGetMessage
lineGetNewCalls
lineGetNumRings
lineGetProviderList
lineGetRequest
lineGetStatusMessages
lineGetTranslateCaps
lineHandoff
lineHold
lineInitializeEx
lineInitialize
lineMakeCall
lineMonitorDigits
lineMonitorMedia
lineMonitorTones
lineNegotiateAPIVersion
lineNegotiateExtVersion
lineOpen
linePark
linePickup
linePrepareAddToConference
lineProxyMessage
lineProxyResponse
lineRedirect
lineRegisterRequestRecipient
lineReleaseUserUserInfo
lineRemoveFromConference
lineRemoveProvider
lineSecureCall
lineSendUserUserInfo
lineSetAgentActivity
lineSetAgentGroup
lineSetAgentState
lineSetAppPriority
lineSetAppSpecific
lineSetCallData
lineSetCallParams
lineSetCallPrivilege
lineSetCallQualityOfService
lineSetCallTreatment
lineSetCurrentLocation
lineSetDevConfig
lineSetLineDevStatus
lineSetMediaControl
lineSetMediaMode
lineSetNumRings
lineSetStatusMessages
lineSetTerminal
lineSetTollList
lineSetupConference
lineSetupTransfer
lineShutdown
lineSwapHold
LineTo
lineTranslateAddress
lineTranslateDialog
lineUncompleteCall
lineUnhold
lineUnpark
listen
LoadAccelerators
LoadBitmap
LoadCursorFromFile
LoadCursor
LoadIcon
LoadImage
LoadKeyboardLayout
LoadLibraryEx
LoadLibrary
LoadMenuIndirect
LoadMenu
LoadModule
LoadResource
LoadString
LocalAlloc
LocalCompact
LocalFileTimeToFileTime
LocalFlags
LocalFree
LocalHandle
LocalLock
LocalReAlloc
LocalShrink
LocalSize
LocalUnlock
LockFileEx
LockFile
LockResource
LockServiceDatabase
LockWindowUpdate
LogonUser
LookupAccountName
LookupAccountSid
LookupIconIdFromDirectoryEx
LookupIconIdFromDirectory
LookupPrivilegeDisplayName
LookupPrivilegeName
LookupPrivilegeValue
LookupSecurityDescriptorParts
LPropCompareProp
LPtoDP
LSEnumProviders
LSFreeHandle
LSGetMessage
LSQuery
LSRelease
LSRequest
lstrcat
lstrcmpi
lstrcmp
lstrcpyn
lstrcpy
lstrlen
LSUpdate
LZClose
LZCopy
LZDone
LZInit
LZOpenFile
LZRead
LZSeek
LZStart
MakeAbsoluteSD
MakeDragList
MakeSelfRelativeSD
MapDialogRect
MapGenericMask
MAPIAdminProfiles
MAPIAllocateBuffer
MAPIAllocateMore
MAPIDeinitIdle
MAPIFreeBuffer
MAPIGetDefaultMalloc
MAPIInitialize
MAPIInitIdle
MAPILogonEx
MAPIOpenFormMgr
MAPIOpenLocalFormContainer
MAPIUninitialize
MapStorageSCode
MapViewOfFileEx
MapViewOfFile
MapVirtualKeyEx
MapVirtualKey
MapWindowPoints
MaskBlt
mciGetCreatorTask
mciGetDeviceID
mciGetErrorString
mciGetYieldProc
mciSendCommand
mciSendString
mciSetYieldProc
MCIWndCreate
MCIWndRegisterClass
MenuHelp
MenuItemFromPoint
MesBufferHandleReset
MesDecodeBufferHandleCreate
MesDecodeIncrementalHandleCreate
MesEncodeDynBufferHandleCreate
MesEncodeFixedBufferHandleCreate
MesEncodeIncrementalHandleCreate
MesHandleFree
MesIncrementalHandleReset
MesInqProcEncodingId
MessageBeep
MessageBoxEx
MessageBoxIndirect
MessageBox
MetricScalePenData
midiConnect
midiDisconnect
midiInAddBuffer
midiInClose
midiInGetDevCaps
midiInGetErrorText
midiInGetID
midiInGetNumDevs
midiInMessage
midiInOpen
midiInPrepareHeader
midiInReset
midiInStart
midiInStop
midiInUnprepareHeader
midiOutCacheDrumPatches
midiOutCachePatches
midiOutClose
midiOutGetDevCaps
midiOutGetErrorText
midiOutGetID
midiOutGetNumDevs
midiOutGetVolume
midiOutLongMsg
midiOutMessage
midiOutOpen
midiOutPrepareHeader
midiOutReset
midiOutSetVolume
midiOutShortMsg
midiOutUnprepareHeader
midiStreamClose
midiStreamOpen
midiStreamOut
midiStreamPause
midiStreamPosition
midiStreamProperty
midiStreamRestart
midiStreamStop
mixerClose
mixerGetControlDetails
mixerGetDevCaps
mixerGetID
mixerGetLineControls
mixerGetLineInfo
mixerGetNumDevs
mixerMessage
mixerOpen
mixerSetControlDetails
MkParseDisplayName
mmioAdvance
mmioAscend
mmioClose
mmioCreateChunk
mmioDescend
mmioFlush
mmioGetInfo
mmioInstallIOProc
mmioOpen
mmioRead
mmioRename
mmioSeek
mmioSendMessage
mmioSetBuffer
mmioSetInfo
mmioStringToFOURCC
mmioWrite
ModifyMenu
ModifyWorldTransform
Module32First
Module32First
Module32Next
Module32Next
MonikerCommonPrefixWith
MonikerRelativePathTo
mouse_event
MoveFileEx
MoveFile
MoveToEx
MoveWindow
MsgWaitForMultipleObjectsEx
MsgWaitForMultipleObjects
MulDiv
MultiByteToWideChar
MultinetGetConnectionPerformance
NDdeGetErrorString
NDdeGetShareSecurity
NDdeGetTrustedShare
NDdeIsValidAppTopicList
NDdeIsValidShareName
NDdeSetShareSecurity
NDdeSetTrustedShare
NDdeShareAdd
NDdeShareDel
NDdeShareEnum
NDdeShareGetInfo
NDdeShareSetInfo
NDdeTrustedShareEnum
NetAccessAdd
NetAccessCheck
NetAccessDel
NetAccessEnum
NetAccessGetInfo
NetAccessGetUserPerms
NetAccessSetInfo
NetConnectionEnum
NetFileClose
NetFileEnum
NetServerGetInfo
NetSessionDel
NetSessionEnum
NetSessionGetInfo
NetShareAdd
NetShareDel
NetShareEnum
NetShareGetInfo
NetShareSetInfo
NotifyBootConfigStatus
NotifyChangeEventLog
ntohl
ntohs
ObjectCloseAuditAlarm
ObjectDeleteAuditAlarm
ObjectOpenAuditAlarm
ObjectPrivilegeAuditAlarm
OemKeyScan
OemToCharBuff
OemToChar
OffsetClipRgn
OffsetPenData
OffsetRect
OffsetRgn
OffsetViewportOrgEx
OffsetWindowOrgEx
OleBuildVersion
OleConvertIStorageToOLESTREAMEx
OleConvertIStorageToOLESTREAM
OleConvertOLESTREAMToIStorageEx
OleConvertOLESTREAMToIStorage
OleCreateDefaultHandler
OleCreateEmbeddingHelper
OleCreateEx
OleCreateFontIndirect
OleCreateFromDataEx
OleCreateFromData
OleCreateFromFileEx
OleCreateFromFile
OleCreateLinkEx
OleCreateLinkFromDataEx
OleCreateLinkFromData
OleCreateLinkToFileEx
OleCreateLinkToFile
OleCreateLink
OleCreateMenuDescriptor
OleCreatePictureIndirect
OleCreatePropertyFrameIndirect
OleCreatePropertyFrame
OleCreateStaticFromData
OleCreate
OleDestroyMenuDescriptor
OleDoAutoConvert
OleDraw
OleDuplicateData
OleFlushClipboard
OleGetAutoConvert
OleGetClipboard
OleGetIconOfClass
OleGetIconOfFile
OleIconToCursor
OleInitialize
OleIsCurrentClipboard
OleIsRunning
OleLoadFromStream
OleLoadPicture
OleLoad
OleLockRunning
OleMetafilePictFromIconAndLabel
OleNoteObjectVisible
OleQueryCreateFromData
OleQueryLinkFromData
OleRegEnumFormatEtc
OleRegEnumVerbs
OleRegGetMiscStatus
OleRegGetUserType
OleRun
OleSaveToStream
OleSave
OleSetAutoConvert
OleSetClipboard
OleSetContainedObject
OleSetMenuDescriptor
OleTranslateAccelerator
OleTranslateColor
OleUIAddVerbMenu
OleUIBusy
OleUICanConvertOrActivateAs
OleUIChangeIcon
OleUIChangeSource
OleUIConvert
OleUIEditLinks
OleUIInsertObject
OleUIObjectProperties
OleUIPasteSpecial
OleUIPromptUser
OleUIUpdateLinks
OleUninitialize
OpenBackupEventLog
OpenClipboard
OpenDesktop
OpenDriver
OpenEventLog
OpenEvent
OpenFileMapping
OpenFile
OpenIcon
OpenIMsgOnIStg
OpenIMsgSession
OpenInputDesktop
OpenMutex
OpenPrinter
OpenProcessToken
OpenProcess
OpenSCManager
OpenSemaphore
OpenService
OpenStreamOnFile
OpenThreadToken
OpenTnefStreamEx
OpenTnefStream
OpenWaitableTimer
OpenWindowStation
OutputDebugString
PackDDElParam
PageSetupDlg
PaintDesktop
PaintRgn
PatBlt
PathToRegion
PdhAddCounter
PdhBrowseCounters
PdhCalculateCounterFromRawValue
PdhCloseQuery
PdhCollectQueryData
PdhComputeCounterStatistics
PdhConnectMachine
PdhEnumMachines
PdhEnumObjectItems
PdhEnumObjects
PdhExpandCounterPath
PdhGetCounterInfo
PdhGetDefaultPerfCounter
PdhGetDefaultPerfObject
PdhGetFormattedCounterValue
PdhGetRawCounterValue
PdhMakeCounterPath
PdhOpenQuery
PdhParseCounterPath
PdhParseInstanceName
PdhRemoveCounter
PdhSetCounterScaleFactor
PdhValidatePath
PeekConsoleInput
PeekMessage
PeekNamedPipe
PeekPenInput
PenDataFromBuffer
PenDataToBuffer
phoneClose
phoneConfigDialog
phoneDevSpecific
phoneGetButtonInfo
phoneGetData
phoneGetDevCaps
phoneGetDisplay
phoneGetGain
phoneGetHookSwitch
phoneGetIcon
phoneGetID
phoneGetLamp
phoneGetMessage
phoneGetRing
phoneGetStatusMessages
phoneGetStatus
phoneGetVolume
phoneInitializeEx
phoneInitialize
phoneNegotiateAPIVersion
phoneNegotiateExtVersion
phoneOpen
phoneSetButtonInfo
phoneSetData
phoneSetDisplay
phoneSetGain
phoneSetHookSwitch
phoneSetLamp
phoneSetRing
phoneSetStatusMessages
phoneSetVolume
phoneShutdown
Pie
PlayEnhMetaFileRecord
PlayEnhMetaFile
PlayMetaFileRecord
PlayMetaFile
PlaySound
PlgBlt
PolyBezierTo
PolyBezier
PolyDraw
Polygon
PolylineTo
Polyline
PolyPolygon
PolyPolyline
PolyTextOut
PostMessage
PostQueuedCompletionStatus
PostQuitMessage
PostThreadMessage
PpropFindProp
PrepareTape
PrintDlg
PrinterMessageBox
PrinterProperties
PrivilegeCheck
PrivilegedServiceAuditAlarm
Process32First
Process32First
Process32Next
Process32Next
ProcessHRC
ProgIDFromCLSID
PropCopyMore
PropertySheet
PropVariantClear
PropVariantClear
PropVariantCopy
PropVariantCopy
PtInRect
PtInRegion
PtVisible
PulseEvent
PurgeComm
QueryDosDevice
QueryPerformanceCounter
QueryPerformanceFrequency
QueryServiceConfig
QueryServiceLockStatus
QueryServiceObjectSecurity
QueryServiceStatus
QueueUserAPC
RaiseException
RasAdminAcceptNewConnection
RasAdminConnectionHangupNotification
RasAdminFreeBuffer
RasAdminGetErrorString
RasAdminGetUserAccountServer
RasAdminPortClearStatistics
RasAdminPortDisconnect
RasAdminPortEnum
RasAdminPortGetInfo
RasAdminServerGetInfo
RasAdminUserGetInfo
RasAdminUserSetInfo
RasConnectionNotification
RasCreatePhonebookEntry
RasDeleteEntry
RasDialDlg
RasDial
RasEditPhonebookEntry
RasEntryDlg
RasEnumAutodialAddresses
RasEnumConnections
RasEnumDevices
RasGetAutodialAddress
RasGetAutodialEnable
RasGetAutodialParam
RasGetConnectStatus
RasGetCountryInfo
RasGetCredentials
RasGetEntryDialParams
RasGetEntryProperties
RasGetErrorString
RasGetProjectionInfo
RasGetSubEntryHandle
RasGetSubEntryProperties
RasHangUp
RasMonitorDlg
RasPhonebookDlg
RasRenameEntry
RasSetAutodialAddress
RasSetAutodialEnable
RasSetAutodialParam
RasSetCredentials
RasSetEntryDialParams
RasSetEntryProperties
RasSetSubEntryProperties
RasValidateEntryName
ReadClassStg
ReadClassStm
ReadConsoleInput
ReadConsoleOutputAttribute
ReadConsoleOutputCharacter
ReadConsoleOutput
ReadConsole
ReadEventLog
ReadFileEx
ReadFile
ReadFmtUserTypeStg
ReadHWL
ReadPrinter
ReadProcessMemory
RealizePalette
Rectangle
RectInRegion
RectVisible
recvfrom
recv
RedisplayPenData
RedrawWindow
RegCloseKey
RegConnectRegistry
RegCreateKeyEx
RegCreateKey
RegDeleteKey
RegDeleteValue
RegEnumKeyEx
RegEnumKey
RegEnumValue
RegFlushKey
RegGetKeySecurity
RegisterClassEx
RegisterClass
RegisterClipboardFormat
RegisterDragDrop
RegisterEventSource
RegisterHotKey
RegisterServiceCtrlHandler
RegisterWindowMessage
RegLoadKey
RegNotifyChangeKeyValue
RegOpenKeyEx
RegOpenKey
RegQueryInfoKey
RegQueryMultipleValues
RegQueryValueEx
RegQueryValue
RegReplaceKey
RegRestoreKey
RegSaveKey
RegSetKeySecurity
RegSetValueEx
RegSetValue
RegUnLoadKey
ReleaseCapture
ReleaseDC
ReleaseMutex
ReleaseSemaphore
ReleaseStgMedium
RemoveDirectory
RemoveFontResource
RemoveMenu
RemovePenDataStrokes
RemoveProp
ReplaceText
ReplyMessage
ReportEvent
ResetDC
ResetEvent
ResetPrinter
ResizePalette
ResizePenData
RestoreDC
ResumeThread
ReuseDDElParam
RevertToSelf
RevokeDragDrop
RoundRect
RpcBindingCopy
RpcBindingFree
RpcBindingFromStringBinding
RpcBindingInqAuthClient
RpcBindingInqAuthInfo
RpcBindingInqObject
RpcBindingReset
RpcBindingServerFromClient
RpcBindingSetAuthInfo
RpcBindingSetObject
RpcBindingToStringBinding
RpcBindingVectorFree
RpcCancelThread
RpcEpRegisterNoReplace
RpcEpRegister
RpcEpResolveBinding
RpcEpUnregister
RpcIfIdVectorFree
RpcIfIdVectorFree
RpcIfInqId
RpcImpersonateClient
RpcMgmtEnableIdleCleanup
RpcMgmtEpEltInqBegin
RpcMgmtEpEltInqDone
RpcMgmtEpEltInqNext
RpcMgmtEpUnregister
RpcMgmtInqComTimeout
RpcMgmtInqDefaultProtectLevel
RpcMgmtInqIfIds
RpcMgmtInqServerPrincName
RpcMgmtInqStats
RpcMgmtIsServerListening
RpcMgmtSetAuthorizationFn
RpcMgmtSetCancelTimeout
RpcMgmtSetComTimeout
RpcMgmtSetServerStackSize
RpcMgmtStatsVectorFree
RpcMgmtStopServerListening
RpcMgmtWaitServerListen
RpcNetworkInqProtseqs
RpcNetworkIsProtseqValid
RpcNsBindingExport
RpcNsBindingImportBegin
RpcNsBindingImportDone
RpcNsBindingImportNext
RpcNsBindingInqEntryName
RpcNsBindingLookupBegin
RpcNsBindingLookupDone
RpcNsBindingLookupNext
RpcNsBindingSelect
RpcNsBindingUnexport
RpcNsEntryExpandName
RpcNsEntryObjectInqBegin
RpcNsEntryObjectInqDone
RpcNsEntryObjectInqNext
RpcNsGroupDelete
RpcNsGroupMbrAdd
RpcNsGroupMbrInqBegin
RpcNsGroupMbrInqDone
RpcNsGroupMbrInqNext
RpcNsGroupMbrRemove
RpcNsMgmtBindingUnexport
RpcNsMgmtEntryCreate
RpcNsMgmtEntryInqIfIds
RpcNsMgmtHandleSetExpAge
RpcNsMgmtInqExpAge
RpcNsMgmtSetExpAge
RpcNsProfileDelete
RpcNsProfileEltAdd
RpcNsProfileEltInqBegin
RpcNsProfileEltInqDone
RpcNsProfileEltInqNext
RpcNsProfileEltRemove
RpcObjectInqType
RpcObjectSetInqFn
RpcObjectSetType
RpcProtseqVectorFree
RpcRaiseException
RpcRevertToSelfEx
RpcRevertToSelf
RpcServerInqBindings
RpcServerInqDefaultPrincName
RpcServerInqIf
RpcServerListen
RpcServerRegisterAuthInfo
RpcServerRegisterIfEx
RpcServerRegisterIf
RpcServerUnregisterIf
RpcServerUseAllProtseqsEx
RpcServerUseAllProtseqsIfEx
RpcServerUseAllProtseqsIf
RpcServerUseAllProtseqs
RpcServerUseProtseqEpEx
RpcServerUseProtseqEp
RpcServerUseProtseqEx
RpcServerUseProtseqIfEx
RpcServerUseProtseqIf
RpcServerUseProtseq
RpcSmAllocate
RpcSmClientFree
RpcSmDestroyClientContext
RpcSmDisableAllocate
RpcSmEnableAllocate
RpcSmFree
RpcSmGetThreadHandle
RpcSmSetClientAllocFree
RpcSmSetThreadHandle
RpcSmSwapClientAllocFree
RpcSsAllocate
RpcSsDestroyClientContext
RpcSsDisableAllocate
RpcSsDontSerializeContext
RpcSsEnableAllocate
RpcSsFree
RpcSsGetThreadHandle
RpcSsSetClientAllocFree
RpcSsSetThreadHandle
RpcSsSwapClientAllocFree
RpcStringBindingCompose
RpcStringBindingParse
RpcStringFree
RpcTestCancel
RTFSync
SaveDC
ScaleViewportExtEx
ScaleWindowExtEx
ScBinFromHexBounded
ScCopyNotifications
ScCopyProps
ScCountNotifications
ScCountProps
ScCreateConversationIndex
ScDupPropset
ScheduleJob
ScInitMapiUtil
ScLocalPathFromUNC
ScMAPIXFromCMC
ScMAPIXFromSMAPI
ScreenToClient
ScRelocNotifications
ScRelocProps
ScrollConsoleScreenBuffer
ScrollDC
ScrollWindowEx
ScrollWindow
ScUNCFromLocalPath
SearchPath
SelectClipPath
SelectClipRgn
SelectObject
SelectPalette
select
SendDlgItemMessage
SendDriverMessage
SendMessageCallback
SendMessageTimeout
SendMessage
SendNotifyMessage
sendto
send
SetAbortProc
SetAclInformation
SetActiveWindow
SetAlphabetHRC
SetAlphabetPriorityHRC
SetArcDirection
SetAttribIMsgOnIStg
SetBitmapBits
SetBitmapDimensionEx
SetBkColor
SetBkMode
SetBoundsRect
SetBoxAlphabetHRC
SetBrushOrgEx
SetCapture
SetCaretBlinkTime
SetCaretPos
SetClassLong
SetClassWord
SetClipboardData
SetClipboardViewer
SetColorAdjustment
SetColorSpace
SetCommBreak
SetCommConfig
SetCommMask
SetCommState
SetCommTimeouts
SetComputerName
SetConsoleActiveScreenBuffer
SetConsoleCP
SetConsoleCtrlHandler
SetConsoleCursorInfo
SetConsoleCursorPosition
SetConsoleMode
SetConsoleOutputCP
SetConsoleScreenBufferSize
SetConsoleTextAttribute
SetConsoleTitle
SetConsoleWindowInfo
SetConvertStg
SetCurrentDirectory
SetCursorPos
SetCursor
SetDebugErrorLevel
SetDefaultCommConfig
SetDeviceGammaRamp
SetDIBColorTable
SetDIBitsToDevice
SetDIBits
SetDlgItemInt
SetDlgItemText
SetDoubleClickTime
SetEndOfFile
SetEnhMetaFileBits
SetEntriesInAcl
SetEnvironmentVariable
SetErrorMode
SetEvent
SetFileApisToANSI
SetFileApisToOEM
SetFileAttributes
SetFilePointer
SetFileSecurity
SetFileTime
SetFocus
SetForegroundWindow
SetForm
SetGraphicsMode
SetGuideHRC
SetHandleCount
SetHandleInformation
SetICMMode
SetICMProfile
SetInternationalHRC
SetJob
SetKernelObjectSecurity
SetKeyboardState
SetLastErrorEx
SetLastError
SetLocaleInfo
SetLocalTime
SetMailslotInfo
SetMapMode
SetMapperFlags
SetMaxResultsHRC
SetMenuContextHelpId
SetMenuDefaultItem
SetMenuItemBitmaps
SetMenuItemInfo
SetMenu
SetMessageExtraInfo
SetMessageQueue
SetMetaFileBitsEx
SetMetaRgn
SetMiterLimit
SetNamedPipeHandleState
SetNamedSecurityInfo
SetPaletteEntries
SetParent
SetPenAppFlags
SetPenMiscInfo
SetPixelFormat
SetPixelV
SetPixel
SetPolyFillMode
SetPort
SetPrinterData
SetPrinter
SetPriorityClass
SetPrivateObjectSecurity
SetProcessAffinityMask
SetProcessPriorityBoost
SetProcessShutdownParameters
SetProcessWindowStation
SetProcessWorkingSetSize
SetProp
SetRectEmpty
SetRectRgn
SetRect
SetResultsHookHREC
SetROP2
SetScrollInfo
SetScrollPos
SetScrollRange
SetSecurityDescriptorDacl
SetSecurityDescriptorGroup
SetSecurityDescriptorOwner
SetSecurityDescriptorSacl
SetSecurityInfo
SetServiceBits
SetServiceObjectSecurity
SetServiceStatus
SetService
setsockopt
SetStdHandle
SetStretchBltMode
SetStrokeAttributes
SetStrokeTableAttributes
SetSysColors
SetSystemCursor
SetSystemPaletteUse
SetSystemPowerState
SetSystemTimeAdjustment
SetSystemTime
SetTapeParameters
SetTapePosition
SetTextAlign
SetTextCharacterExtra
SetTextColor
SetTextJustification
SetThreadAffinityMask
SetThreadContext
SetThreadDesktop
SetThreadIdealProcessor
SetThreadLocale
SetThreadPriorityBoost
SetThreadPriority
SetThreadToken
SetTimer
SetTimeZoneInformation
SetTokenInformation
SetUnhandledExceptionFilter
SetupAddToSourceList
SetupCancelTemporarySourceList
SetupCloseFileQueue
SetupCloseInfFile
SetupCommitFileQueue
SetupComm
SetupCopyError
SetupDecompressOrCopyFile
SetupDefaultQueueCallback
SetupDeleteError
SetupFindFirstLine
SetupFindNextLine
SetupFindNextMatchLine
SetupFreeSourceList
SetupGetBinaryField
SetupGetFieldCount
SetupGetFileCompressionInfo
SetupGetInfFileList
SetupGetIntField
SetupGetLineByIndex
SetupGetLineCount
SetupGetLineText
SetupGetMultiSzField
SetupGetSourceFileLocation
SetupGetSourceFileSize
SetupGetSourceInfo
SetupGetStringField
SetupGetTargetPath
SetupInitDefaultQueueCallbackEx
SetupInitDefaultQueueCallback
SetupInitializeFileLog
SetupInstallFileEx
SetupInstallFilesFromInfSection
SetupInstallFile
SetupInstallFromInfSection
SetupInstallServicesFromInfSection
SetupIterateCabinet
SetupLogFile
SetupOpenAppendInfFile
SetupOpenFileQueue
SetupOpenInfFile
SetupOpenMasterInf
SetupPromptForDisk
SetupPromptReboot
SetupQueryFileLog
SetupQueryInfFileInformation
SetupQueryInfVersionInformation
SetupQuerySourceList
SetupQueueCopySection
SetupQueueCopy
SetupQueueDefaultCopy
SetupQueueDeleteSection
SetupQueueDelete
SetupQueueRenameSection
SetupQueueRename
SetupRemoveFileLogEntry
SetupRemoveFromSourceList
SetupRenameError
SetupScanFileQueue
SetupSetDirectoryId
SetupSetPlatformPathOverride
SetupSetSourceList
SetupTermDefaultQueueCallback
SetupTerminateFileLog
SetUserObjectInformation
SetUserObjectSecurity
SetViewportExtEx
SetViewportOrgEx
SetVolumeLabel
SetWaitableTimer
SetWindowContextHelpId
SetWindowExtEx
SetWindowLong
SetWindowOrgEx
SetWindowPlacement
SetWindowPos
SetWindowRgn
SetWindowsHookEx
SetWindowsHook
SetWindowText
SetWindowWord
SetWinMetaFileBits
SetWordlistCoercionHRC
SetWordlistHRC
SetWorldTransform
SHAddToRecentDocs
SHAppBarMessage
SHBrowseForFolder
SHChangeNotify
ShellAbout
ShellExecuteEx
ShellExecute
SHFileOperation
SHFreeNameMappings
SHGetDataFromIDList
SHGetDesktopFolder
SHGetFileInfo
SHGetInstanceExplorer
SHGetMalloc
SHGetPathFromIDList
SHGetSpecialFolderLocation
SHLoadInProc
ShowCaret
ShowCursor
ShowHideMenuCtl
ShowOwnedPopups
ShowScrollBar
ShowWindowAsync
ShowWindow
shutdown
SignalObjectAndWait
SizeofResource
SleepEx
Sleep
sndPlaySound
SnmpMgrClose
SnmpMgrGetTrap
SnmpMgrOidToStr
SnmpMgrOpen
SnmpMgrRequest
SnmpMgrStrToOid
SnmpMgrTrapListen
SnmpUtilMemAlloc
SnmpUtilMemFree
SnmpUtilMemReAlloc
SnmpUtilOidAppend
SnmpUtilOidCmp
SnmpUtilOidCpy
SnmpUtilOidFree
SnmpUtilOidNCmp
SnmpUtilPrintAsnAny
SnmpUtilVarBindCpy
SnmpUtilVarBindFree
SnmpUtilVarBindListCpy
SnmpUtilVarBindListFree
socket
SQLAllocHandle
StartDocPrinter
StartDoc
StartInking
StartPagePrinter
StartPage
StartPenInput
StartServiceCtrlDispatcher
StartService
StgCreateDocfileOnILockBytes
StgCreateDocfile
StgGetIFillLockBytesOnFile
StgGetIFillLockBytesOnILockBytes
StgIsStorageFile
StgIsStorageILockBytes
StgOpenAsyncDocfileOnIFillLockBytes
StgOpenStorageOnILockBytes
StgOpenStorage
StgSetTimes
StopInking
StopPenInput
StretchBlt
StretchDIBits
StringFromCLSID
StringFromGUID2
StringFromIID
StrokeAndFillPath
StrokePath
SubtractRect
SuspendThread
SwapBuffers
SwapMouseButton
SwitchDesktop
SwitchToFiber
SwitchToThread
SymbolToCharacter
SystemParametersInfo
SystemTimeToFileTime
SystemTimeToTzSpecificLocalTime
SzFindCh
SzFindLastCh
SzFindSz
TabbedTextOut
tapiGetLocationInfo
tapiRequestDrop
tapiRequestMakeCall
tapiRequestMediaCall
TargetPoints
TerminateProcess
TerminateThread
TextOut
Thread32First
Thread32First
Thread32Next
Thread32Next
TileWindows
timeBeginPeriod
timeEndPeriod
timeGetDevCaps
timeGetSystemTime
timeGetTime
timeKillEvent
timeSetEvent
TlsAlloc
TlsFree
TlsGetValue
TlsSetValue
ToAsciiEx
ToAscii
Toolhelp32ReadProcessMemory
Toolhelp32ReadProcessMemory
ToUnicodeEx
ToUnicode
TPtoDP
TrackMouseEvent
TrackMouseEvent
TrackPopupMenuEx
TrackPopupMenu
TrainHREC
TransactNamedPipe
TranslateAccelerator
TranslateCharsetInfo
TranslateMDISysAccel
TranslateMessage
TransmitCommChar
TransmitFile
TransmitFile
TrimPenData
TryEnterCriticalSection
UFromSz
UlAddRef
UlFromSzHex
UlPropSize
UlRelease
UnhandledExceptionFilter
UnhookResultsHookHREC
UnhookWindowsHookEx
UnhookWindowsHook
UninstallRecognizer
UnionRect
UnloadKeyboardLayout
UnlockFileEx
UnlockFile
UnlockServiceDatabase
UnmapViewOfFile
UnpackDDElParam
UnrealizeObject
UnregisterClass
UnregisterHotKey
UpdateColors
UpdateICMRegKey
UpdateResource
UpdateWindow
UuidCompare
UuidCreateNil
UuidCreate
UuidEqual
UuidFromString
UuidHash
UuidIsNil
UuidToString
ValidateRect
ValidateRgn
VerFindFile
VerInstallFile
VerLanguageName
VerLanguageName
VerQueryValue
VirtualAllocEx
VirtualAlloc
VirtualFreeEx
VirtualFree
VirtualLock
VirtualProtectEx
VirtualProtect
VirtualQueryEx
VirtualQuery
VirtualUnlock
VkKeyScanEx
VkKeyScan
WaitCommEvent
WaitForDebugEvent
WaitForInputIdle
WaitForMultipleObjectsEx
WaitForMultipleObjects
WaitForPrinterChange
WaitForSingleObjectEx
WaitForSingleObject
WaitMessage
WaitNamedPipe
waveInAddBuffer
waveInClose
waveInGetDevCaps
waveInGetErrorText
waveInGetID
waveInGetNumDevs
waveInGetPosition
waveInMessage
waveInOpen
waveInPrepareHeader
waveInReset
waveInStart
waveInStop
waveInUnprepareHeader
waveOutBreakLoop
waveOutClose
waveOutGetDevCaps
waveOutGetErrorText
waveOutGetID
waveOutGetNumDevs
waveOutGetPitch
waveOutGetPlaybackRate
waveOutGetPosition
waveOutGetVolume
waveOutMessage
waveOutOpen
waveOutPause
waveOutPrepareHeader
waveOutReset
waveOutRestart
waveOutSetPitch
waveOutSetPlaybackRate
waveOutSetVolume
waveOutUnprepareHeader
waveOutWrite
wglCopyContext
wglCreateContext
wglCreateLayerContext
wglDeleteContext
wglDescribeLayerPlane
wglGetCurrentContext
wglGetCurrentDC
wglGetLayerPaletteEntries
wglGetProcAddress
wglMakeCurrent
wglRealizeLayerPalette
wglSetLayerPaletteEntries
wglShareLists
wglSwapLayerBuffers
wglUseFontBitmaps
wglUseFontOutlines
WideCharToMultiByte
WidenPath
WindowFromDC
WindowFromPoint
WinExec
WinHelp
WinLoadTrustProvider
WinSubmitCertificate
WinTrustProviderClientInitialize
WinVerifyTrust
WNetAddConnection2
WNetAddConnection3
WNetAddConnection
WNetCancelConnection2
WNetCancelConnection
WNetCloseEnum
WNetConnectionDialog
WNetDisconnectDialog
WNetEnumResource
WNetGetConnection
WNetGetLastError
WNetGetUniversalName
WNetGetUser
WNetOpenEnum
WrapCompressedRTFStream
WrapStoreEntryID
WriteClassStg
WriteClassStm
WriteConsoleInput
WriteConsoleOutputAttribute
WriteConsoleOutputCharacter
WriteConsoleOutput
WriteConsole
WriteFileEx
WriteFile
WriteFmtUserTypeStg
WriteHWL
WritePrinter
WritePrivateProfileSection
WritePrivateProfileString
WritePrivateProfileStruct
WriteProcessMemory
WriteProfileSection
WriteProfileString
WriteTapemark
WSAAccept
WSAAddressToString
WSAAsyncGetHostByAddr
WSAAsyncGetHostByName
WSAAsyncGetProtoByName
WSAAsyncGetProtoByNumber
WSAAsyncGetServByName
WSAAsyncGetServByPort
WSAAsyncSelect
WSACancelAsyncRequest
WSACancelBlockingCall
WSACleanup
WSACloseEvent
WSAConnect
WSACreateEvent
WSADuplicateSocket
WSAEnumNameSpaceProviders
WSAEnumNetworkEvents
WSAEnumProtocols
WSAEventSelect
WSAGetLastError
WSAGetOverlappedResult
WSAGetQOSByName
WSAGetServiceClassInfo
WSAHtonl
WSAHtons
WSAInstallServiceClass
WSAIoctl
WSAIsBlocking
WSAJoinLeaf
WSALookupServiceBegin
WSALookupServiceEnd
WSALookupServiceNext
WSANtohl
WSANtohs
WSARecvDisconnect
WSARecvEx
WSARecvEx
WSARecvFrom
WSARecv
WSARemoveServiceClass
WSAResetEvent
WSASendDisconnect
WSASendTo
WSASend
WSASetBlockingHook
WSASetEvent
WSASetLastError
WSASetService
WSASocket
WSAStartup
WSAStringToAddress
WSAUnhookBlockingHook
WSAWaitForMultipleEvents
wsprintf
wvsprintf
XFiller
YFiller
ZombifyActCtx
_hread
_hwrite
_lclose
_lcreat
_llseek
_lopen
_lread
_lwrite
